// Jest Snapshot v1, https://goo.gl/fbAQLP

exports[`SearchResults component renders 1`] = `ShallowWrapper {}`;

exports[`SearchResults component returns the default empty array when there is no data to map through
 or what would happen when I render the component with no data 1`] = `ShallowWrapper {}`;
